// Jest Snapshot v1, https://goo.gl/fbAQLP

exports[`RoundedOutlinedImg.vue should create RoundedOutlinedImg 1`] = `
<div>
  <div class="v-image v-responsive rounded-circle mx-auto mb-3 interests-border interests-img theme--light">
    <transition-stub name="fade-transition" mode="in-out">
      <div class="v-image__image v-image__image--preload v-image__image--cover" style="background-position: center center;"></div>
    </transition-stub>
    <div class="v-responsive__content"></div>
  </div> <span class="body-2">$vuetify.title</span>
</div>
`;
