// Jest Snapshot v1, https://goo.gl/fbAQLP

exports[`EduComponent.vue should create EduComponent 1`] = `
<div class="container container--fluid">
  <h2 class="font-weight-bold mb-3">$vuetify.educations-title</h2>
  <div class="v-timeline v-timeline--dense theme--light" clipped="">
    <div class="v-timeline-item theme--light">
      <div class="v-timeline-item__body">
        <div class="v-card v-sheet theme--light">
          <div class="v-card__title">PSM I</div>
          <div class="v-card__subtitle pb-0">$vuetify.educations.psm-one.dates</div>
          <div class="v-card__text pt-0">$vuetify.educations.psm-one.title</div>
          <!---->
        </div>
      </div>
      <div class="v-timeline-item__divider">
        <div class="v-timeline-item__dot v-timeline-item__dot--large">
          <div class="v-timeline-item__inner-dot primary">
            <div class="v-avatar bg-white" style="height: 48px; min-width: 48px; width: 48px;">
              <div class="v-image v-responsive bg-white theme--light">
                <div class="v-responsive__content"></div>
              </div>
            </div>
          </div>
        </div>
      </div>
    </div>
    <div class="v-timeline-item theme--light">
      <div class="v-timeline-item__body">
        <div class="v-card v-sheet theme--light">
          <div class="v-card__title">UQAC¹</div>
          <div class="v-card__subtitle pb-0">$vuetify.educations.uqac.dates</div>
          <div class="v-card__text py-0">$vuetify.educations.uqac.title</div>
          <div class="v-card__actions caption">
            <div class="spacer"></div> <span>¹ Université du Québec à Chicoutimi</span>
          </div>
        </div>
      </div>
      <div class="v-timeline-item__divider">
        <div class="v-timeline-item__dot v-timeline-item__dot--large">
          <div class="v-timeline-item__inner-dot primary">
            <div class="v-avatar bg-white" style="height: 48px; min-width: 48px; width: 48px;">
              <div class="v-image v-responsive bg-white theme--light">
                <div class="v-responsive__content"></div>
              </div>
            </div>
          </div>
        </div>
      </div>
    </div>
    <div class="v-timeline-item theme--light">
      <div class="v-timeline-item__body">
        <div class="v-card v-sheet theme--light">
          <div class="v-card__title">Polytech Tours</div>
          <div class="v-card__subtitle pb-0">$vuetify.educations.polytech.dates</div>
          <div class="v-card__text pt-0">$vuetify.educations.polytech.title</div>
          <!---->
        </div>
      </div>
      <div class="v-timeline-item__divider">
        <div class="v-timeline-item__dot v-timeline-item__dot--large">
          <div class="v-timeline-item__inner-dot primary">
            <div class="v-avatar bg-white" style="height: 48px; min-width: 48px; width: 48px;">
              <div class="v-image v-responsive bg-white theme--light">
                <div class="v-responsive__content"></div>
              </div>
            </div>
          </div>
        </div>
      </div>
    </div>
  </div>
</div>
`;
