// Jest Snapshot v1, https://goo.gl/fbAQLP

exports[`ExpComponent.vue should create ExpComponent 1`] = `
<div class="container container--fluid">
  <h2 class="font-weight-bold mb-3">$vuetify.experiences-title</h2>
  <div class="v-item-group theme--light v-expansion-panels">
    <div aria-expanded="true" class="v-expansion-panel v-expansion-panel--active v-item--active"><button type="button" aria-expanded="true" class="v-expansion-panel-header py-0 v-expansion-panel-header--active">
        <div role="list" class="v-list v-sheet theme--light">
          <div tabindex="-1" role="listitem" class="v-list-item v-list-item--three-line theme--light">
            <div class="v-avatar v-list-item__avatar" style="height: 40px; min-width: 40px; width: 40px;">
              <div class="v-image v-responsive theme--light">
                <div class="v-responsive__content"></div>
              </div>
            </div>
            <div class="v-list-item__content">
              <div class="v-list-item__title">Sopra Steria</div>
              <div class="v-list-item__subtitle">$vuetify.experiences.tools.dates</div>
              <div class="v-list-item__subtitle">$vuetify.experiences.tools.title</div>
            </div>
          </div>
        </div>
        <transition-stub name="fade-transition">
          <div class="v-expansion-panel-header__icon"><i aria-hidden="true" class="v-icon notranslate mdi mdi-chevron-down theme--light"></i></div>
        </transition-stub>
      </button>
      <transition-stub name="expand-transition">
        <div class="v-expansion-panel-content">
          <div class="v-expansion-panel-content__wrap">
            <hr role="separator" aria-orientation="horizontal" class="v-divider theme--light">
            <div role="list" class="v-list v-sheet theme--light">
              <div tabindex="-1" role="listitem" class="v-list-item theme--light mb-n2">
                <div class="v-list-item__content body-2">$vuetify.experiences.tools.one</div>
              </div>
              <div tabindex="-1" role="listitem" class="v-list-item theme--light mb-n2">
                <div class="v-list-item__content body-2">$vuetify.experiences.tools.two</div>
              </div>
              <div tabindex="-1" role="listitem" class="v-list-item theme--light mb-n2">
                <div class="v-list-item__content body-2">$vuetify.experiences.tools.three</div>
              </div>
              <div tabindex="-1" role="listitem" class="v-list-item theme--light">
                <div class="v-list-item__content body-2">$vuetify.experiences.tools.four</div>
              </div>
            </div>
            <div class="row text-right no-gutters">
              <div class="caption col col-12">$vuetify.experiences.tools.cli</div>
              <div class="caption col col-12">$vuetify.experiences.tools.cicd</div>
              <div class="caption col col-12">$vuetify.experiences.tools.us</div>
              <div class="caption col col-12">$vuetify.experiences.tools.implementation</div>
            </div>
          </div>
        </div>
      </transition-stub>
    </div>
    <div aria-expanded="false" class="v-expansion-panel"><button type="button" class="v-expansion-panel-header py-0">
        <div role="list" class="v-list v-sheet theme--light">
          <div tabindex="-1" role="listitem" class="v-list-item v-list-item--three-line theme--light">
            <div class="v-avatar v-list-item__avatar" style="height: 40px; min-width: 40px; width: 40px;">
              <div class="v-image v-responsive theme--light">
                <div class="v-responsive__content"></div>
              </div>
            </div>
            <div class="v-list-item__content">
              <div class="v-list-item__title">Alten</div>
              <div class="v-list-item__subtitle">$vuetify.experiences.alten.dates</div>
              <div class="v-list-item__subtitle">$vuetify.experiences.alten.title</div>
            </div>
          </div>
        </div>
        <transition-stub name="fade-transition">
          <div class="v-expansion-panel-header__icon"><i aria-hidden="true" class="v-icon notranslate mdi mdi-chevron-down theme--light"></i></div>
        </transition-stub>
      </button>
      <transition-stub name="expand-transition">
        <!---->
      </transition-stub>
    </div>
    <div aria-expanded="false" class="v-expansion-panel"><button type="button" class="v-expansion-panel-header py-0">
        <div role="list" class="v-list v-sheet theme--light">
          <div tabindex="-1" role="listitem" class="v-list-item theme--light">
            <div class="v-list-item__content">
              <div class="v-list-item__title">$vuetify.experiences.old.title</div>
            </div>
          </div>
        </div>
        <transition-stub name="fade-transition">
          <div class="v-expansion-panel-header__icon"><i aria-hidden="true" class="v-icon notranslate mdi mdi-chevron-down theme--light"></i></div>
        </transition-stub>
      </button>
      <transition-stub name="expand-transition">
        <!---->
      </transition-stub>
    </div>
  </div>
</div>
`;
