// Jest Snapshot v1, https://goo.gl/fbAQLP

exports[`InterestsComponent.vue should create InterestsComponent 1`] = `
<div class="container container--fluid">
  <h2 class="font-weight-bold mb-3">$vuetify.interests-title</h2>
  <div class="row justify-center">
    <div class="text-center px-5 col col-auto">
      <div>
        <div class="v-image v-responsive rounded-circle mx-auto mb-3 interests-border interests-img theme--light">
          <div class="v-responsive__content"></div>
        </div> <span class="body-2">$vuetify.interests.basketball</span>
      </div>
    </div>
    <div class="text-center px-5 col col-auto">
      <div>
        <div class="v-image v-responsive rounded-circle mx-auto mb-3 interests-border interests-img theme--light">
          <div class="v-responsive__content"></div>
        </div> <span class="body-2">$vuetify.interests.tvtime</span>
      </div>
    </div>
    <div class="text-center px-5 col col-auto">
      <div>
        <div class="v-image v-responsive rounded-circle mx-auto mb-3 interests-border interests-img theme--light">
          <div class="v-responsive__content"></div>
        </div> <span class="body-2">$vuetify.interests.games</span>
      </div>
    </div>
  </div>
</div>
`;
