// Jest Snapshot v1, https://goo.gl/fbAQLP

exports[`LangComponent.vue should create LangComponent 1`] = `
<div class="container container--fluid">
  <div role="list" class="v-list pa-0 text-center text-sm-right v-sheet theme--light rounded v-list--rounded">
    <div role="listbox" class="v-item-group theme--light v-list-item-group">
      <div tabindex="0" role="option" aria-selected="false" class="v-list-item v-list-item--link theme--light">
        <div class="v-list-item__content d-none d-sm-block">
          <div class="v-list-item__title">$vuetify.langs.fr</div>
          <div class="v-list-item__subtitle">$vuetify.langs.natal</div>
        </div>
        <div class="v-avatar v-list-item__avatar mx-auto ms-sm-4" style="height: 40px; min-width: 40px; width: 40px;">
          <div class="v-image v-responsive theme--light">
            <transition-stub name="fade-transition" mode="in-out">
              <div class="v-image__image v-image__image--preload v-image__image--contain" style="background-position: center center;"></div>
            </transition-stub>
            <div class="v-responsive__content"></div>
          </div>
        </div>
      </div>
      <div tabindex="0" role="option" aria-selected="true" class="v-list-item v-item--active v-list-item--active v-list-item--link theme--light">
        <div class="v-list-item__content d-none d-sm-block">
          <div class="v-list-item__title">$vuetify.langs.en</div>
          <div class="v-list-item__subtitle">$vuetify.langs.professional</div>
        </div>
        <div class="v-avatar v-list-item__avatar mx-auto ms-sm-4" style="height: 40px; min-width: 40px; width: 40px;">
          <div class="v-image v-responsive theme--light">
            <transition-stub name="fade-transition" mode="in-out">
              <div class="v-image__image v-image__image--preload v-image__image--contain" style="background-position: center center;"></div>
            </transition-stub>
            <div class="v-responsive__content"></div>
          </div>
        </div>
      </div>
    </div>
  </div>
</div>
`;
